Archive member included to satisfy reference by file (symbol)

../app_acc_bsp/\libhal_bsp.a(alt_load.o)
                              ../app_acc_bsp//obj/HAL/src/crt0.o (alt_load)
../app_acc_bsp/\libhal_bsp.a(alt_main.o)
                              ../app_acc_bsp//obj/HAL/src/crt0.o (alt_main)
../app_acc_bsp/\libhal_bsp.a(alt_sys_init.o)
                              ../app_acc_bsp/\libhal_bsp.a(alt_main.o) (alt_irq_init)
../app_acc_bsp/\libhal_bsp.a(alt_close.o)
                              ../app_acc_bsp/\libhal_bsp.a(alt_main.o) (close)
../app_acc_bsp/\libhal_bsp.a(alt_dcache_flush_all.o)
                              ../app_acc_bsp/\libhal_bsp.a(alt_load.o) (alt_dcache_flush_all)
../app_acc_bsp/\libhal_bsp.a(alt_dev.o)
                              ../app_acc_bsp/\libhal_bsp.a(alt_close.o) (alt_fd_list)
../app_acc_bsp/\libhal_bsp.a(alt_do_ctors.o)
                              ../app_acc_bsp/\libhal_bsp.a(alt_main.o) (_do_ctors)
../app_acc_bsp/\libhal_bsp.a(alt_do_dtors.o)
                              ../app_acc_bsp/\libhal_bsp.a(alt_main.o) (_do_dtors)
../app_acc_bsp/\libhal_bsp.a(alt_errno.o)
                              ../app_acc_bsp/\libhal_bsp.a(alt_close.o) (alt_errno)
../app_acc_bsp/\libhal_bsp.a(alt_icache_flush_all.o)
                              ../app_acc_bsp/\libhal_bsp.a(alt_load.o) (alt_icache_flush_all)
../app_acc_bsp/\libhal_bsp.a(alt_release_fd.o)
                              ../app_acc_bsp/\libhal_bsp.a(alt_close.o) (alt_release_fd)
../app_acc_bsp/\libhal_bsp.a(altera_nios2_gen2_irq.o)
                              ../app_acc_bsp/\libhal_bsp.a(alt_sys_init.o) (altera_nios2_gen2_irq_init)
d:/bin/electrtools/intelfpga_lite/nios2eds/bin/gnu/h-x86_64-mingw32/bin/../lib/gcc/nios2-elf/5.3.0/../../../../../H-x86_64-mingw32/nios2-elf/lib/mno-hw-mul\libc.a(lib_a-atexit.o)
                              ../app_acc_bsp/\libhal_bsp.a(alt_main.o) (atexit)
d:/bin/electrtools/intelfpga_lite/nios2eds/bin/gnu/h-x86_64-mingw32/bin/../lib/gcc/nios2-elf/5.3.0/../../../../../H-x86_64-mingw32/nios2-elf/lib/mno-hw-mul\libc.a(lib_a-exit.o)
                              ../app_acc_bsp/\libhal_bsp.a(alt_main.o) (exit)
d:/bin/electrtools/intelfpga_lite/nios2eds/bin/gnu/h-x86_64-mingw32/bin/../lib/gcc/nios2-elf/5.3.0/../../../../../H-x86_64-mingw32/nios2-elf/lib/mno-hw-mul\libc.a(lib_a-impure.o)
                              d:/bin/electrtools/intelfpga_lite/nios2eds/bin/gnu/h-x86_64-mingw32/bin/../lib/gcc/nios2-elf/5.3.0/../../../../../H-x86_64-mingw32/nios2-elf/lib/mno-hw-mul\libc.a(lib_a-exit.o) (_global_impure_ptr)
d:/bin/electrtools/intelfpga_lite/nios2eds/bin/gnu/h-x86_64-mingw32/bin/../lib/gcc/nios2-elf/5.3.0/../../../../../H-x86_64-mingw32/nios2-elf/lib/mno-hw-mul\libc.a(lib_a-int_errno.o)
                              ../app_acc_bsp/\libhal_bsp.a(alt_close.o) (errno)
d:/bin/electrtools/intelfpga_lite/nios2eds/bin/gnu/h-x86_64-mingw32/bin/../lib/gcc/nios2-elf/5.3.0/../../../../../H-x86_64-mingw32/nios2-elf/lib/mno-hw-mul\libc.a(lib_a-__atexit.o)
                              d:/bin/electrtools/intelfpga_lite/nios2eds/bin/gnu/h-x86_64-mingw32/bin/../lib/gcc/nios2-elf/5.3.0/../../../../../H-x86_64-mingw32/nios2-elf/lib/mno-hw-mul\libc.a(lib_a-atexit.o) (__register_exitproc)
d:/bin/electrtools/intelfpga_lite/nios2eds/bin/gnu/h-x86_64-mingw32/bin/../lib/gcc/nios2-elf/5.3.0/../../../../../H-x86_64-mingw32/nios2-elf/lib/mno-hw-mul\libc.a(lib_a-__call_atexit.o)
                              d:/bin/electrtools/intelfpga_lite/nios2eds/bin/gnu/h-x86_64-mingw32/bin/../lib/gcc/nios2-elf/5.3.0/../../../../../H-x86_64-mingw32/nios2-elf/lib/mno-hw-mul\libc.a(lib_a-exit.o) (__call_exitprocs)
d:/bin/electrtools/intelfpga_lite/nios2eds/bin/gnu/h-x86_64-mingw32/bin/../lib/gcc/nios2-elf/5.3.0/mno-hw-mul\libgcc.a(lib2-mul.o)
                              ../app_acc_bsp/\libhal_bsp.a(alt_close.o) (__mulsi3)
../app_acc_bsp/\libhal_bsp.a(alt_exit.o)
                              d:/bin/electrtools/intelfpga_lite/nios2eds/bin/gnu/h-x86_64-mingw32/bin/../lib/gcc/nios2-elf/5.3.0/../../../../../H-x86_64-mingw32/nios2-elf/lib/mno-hw-mul\libc.a(lib_a-exit.o) (_exit)

Allocating common symbols
Common symbol       size              file

errno               0x4               d:/bin/electrtools/intelfpga_lite/nios2eds/bin/gnu/h-x86_64-mingw32/bin/../lib/gcc/nios2-elf/5.3.0/../../../../../H-x86_64-mingw32/nios2-elf/lib/mno-hw-mul\libc.a(lib_a-int_errno.o)

Memory Configuration

Name             Origin             Length             Attributes
onchip_memory2_0 0x0000000000000000 0x0000000000000010
reset            0x0000000010000000 0x0000000000000020
sdram            0x0000000010000020 0x0000000007ffffe0
*default*        0x0000000000000000 0xffffffffffffffff

Linker script and memory map

LOAD ../app_acc_bsp//obj/HAL/src/crt0.o
LOAD obj/default/main.o
LOAD d:/bin/electrtools/intelfpga_lite/nios2eds/bin/gnu/h-x86_64-mingw32/bin/../lib/gcc/nios2-elf/5.3.0/../../../../../H-x86_64-mingw32/nios2-elf/lib/mno-hw-mul\libstdc++.a
LOAD d:/bin/electrtools/intelfpga_lite/nios2eds/bin/gnu/h-x86_64-mingw32/bin/../lib/gcc/nios2-elf/5.3.0/../../../../../H-x86_64-mingw32/nios2-elf/lib/mno-hw-mul\libm.a
LOAD d:/bin/electrtools/intelfpga_lite/nios2eds/bin/gnu/h-x86_64-mingw32/bin/../lib/gcc/nios2-elf/5.3.0/mno-hw-mul\libgcc.a
START GROUP
LOAD d:/bin/electrtools/intelfpga_lite/nios2eds/bin/gnu/h-x86_64-mingw32/bin/../lib/gcc/nios2-elf/5.3.0/../../../../../H-x86_64-mingw32/nios2-elf/lib/mno-hw-mul\libc.a
LOAD d:/bin/electrtools/intelfpga_lite/nios2eds/bin/gnu/h-x86_64-mingw32/bin/../lib/gcc/nios2-elf/5.3.0/mno-hw-mul\libgcc.a
LOAD ../app_acc_bsp/\libhal_bsp.a
LOAD d:/bin/electrtools/intelfpga_lite/nios2eds/bin/gnu/h-x86_64-mingw32/bin/../lib/gcc/nios2-elf/5.3.0/../../../../../H-x86_64-mingw32/nios2-elf/lib/mno-hw-mul\libm.a
END GROUP
LOAD d:/bin/electrtools/intelfpga_lite/nios2eds/bin/gnu/h-x86_64-mingw32/bin/../lib/gcc/nios2-elf/5.3.0/mno-hw-mul\libgcc.a
                0x0000000000000000                __alt_mem_onchip_memory2_0 = 0x0
                0x0000000010000000                __alt_mem_sdram = 0x10000000

.entry          0x0000000010000000       0x20
 *(.entry)
 .entry         0x0000000010000000       0x20 ../app_acc_bsp//obj/HAL/src/crt0.o
                0x0000000010000000                __reset

.exceptions     0x0000000010000020        0x0
                0x0000000010000020                PROVIDE (__ram_exceptions_start, ABSOLUTE (.))
                0x0000000010000020                . = ALIGN (0x20)
 *(.irq)
 *(.exceptions.entry.label)
 *(.exceptions.entry.user)
 *(.exceptions.entry.ecc_fatal)
 *(.exceptions.entry)
 *(.exceptions.irqtest.user)
 *(.exceptions.irqtest)
 *(.exceptions.irqhandler.user)
 *(.exceptions.irqhandler)
 *(.exceptions.irqreturn.user)
 *(.exceptions.irqreturn)
 *(.exceptions.notirq.label)
 *(.exceptions.notirq.user)
 *(.exceptions.notirq)
 *(.exceptions.soft.user)
 *(.exceptions.soft)
 *(.exceptions.unknown.user)
 *(.exceptions.unknown)
 *(.exceptions.exit.label)
 *(.exceptions.exit.user)
 *(.exceptions.exit)
 *(.exceptions)
                0x0000000010000020                PROVIDE (__ram_exceptions_end, ABSOLUTE (.))
                0x0000000010000020                PROVIDE (__flash_exceptions_start, LOADADDR (.exceptions))

.text           0x0000000010000020      0x8cc
                [!provide]                        PROVIDE (stext, ABSOLUTE (.))
 *(.interp)
 *(.hash)
 *(.dynsym)
 *(.dynstr)
 *(.gnu.version)
 *(.gnu.version_d)
 *(.gnu.version_r)
 *(.rel.init)
 *(.rela.init)
 *(.rel.text .rel.text.* .rel.gnu.linkonce.t.*)
 *(.rela.text .rela.text.* .rela.gnu.linkonce.t.*)
 *(.rel.fini)
 *(.rela.fini)
 *(.rel.rodata .rel.rodata.* .rel.gnu.linkonce.r.*)
 *(.rela.rodata .rela.rodata.* .rela.gnu.linkonce.r.*)
 *(.rel.data .rel.data.* .rel.gnu.linkonce.d.*)
 *(.rela.data .rela.data.* .rela.gnu.linkonce.d.*)
 *(.rel.tdata .rel.tdata.* .rel.gnu.linkonce.td.*)
 *(.rela.tdata .rela.tdata.* .rela.gnu.linkonce.td.*)
 *(.rel.tbss .rel.tbss.* .rel.gnu.linkonce.tb.*)
 *(.rela.tbss .rela.tbss.* .rela.gnu.linkonce.tb.*)
 *(.rel.ctors)
 *(.rela.ctors)
 *(.rel.dtors)
 *(.rela.dtors)
 *(.rel.got)
 *(.rela.got)
 *(.rel.sdata .rel.sdata.* .rel.gnu.linkonce.s.*)
 *(.rela.sdata .rela.sdata.* .rela.gnu.linkonce.s.*)
 *(.rel.sbss .rel.sbss.* .rel.gnu.linkonce.sb.*)
 *(.rela.sbss .rela.sbss.* .rela.gnu.linkonce.sb.*)
 *(.rel.sdata2 .rel.sdata2.* .rel.gnu.linkonce.s2.*)
 *(.rela.sdata2 .rela.sdata2.* .rela.gnu.linkonce.s2.*)
 *(.rel.sbss2 .rel.sbss2.* .rel.gnu.linkonce.sb2.*)
 *(.rela.sbss2 .rela.sbss2.* .rela.gnu.linkonce.sb2.*)
 *(.rel.bss .rel.bss.* .rel.gnu.linkonce.b.*)
 *(.rela.bss .rela.bss.* .rela.gnu.linkonce.b.*)
 *(.rel.plt)
 *(.rela.plt)
 *(.rel.dyn)
 *(.init)
 *(.plt)
 *(.text .stub .text.* .gnu.linkonce.t.*)
 .text          0x0000000010000020       0x3c ../app_acc_bsp//obj/HAL/src/crt0.o
                0x0000000010000020                _start
 .text          0x000000001000005c       0xc0 obj/default/main.o
                0x000000001000005c                main
 .text          0x000000001000011c       0xec ../app_acc_bsp/\libhal_bsp.a(alt_load.o)
                0x0000000010000184                alt_load
 .text          0x0000000010000208       0x60 ../app_acc_bsp/\libhal_bsp.a(alt_main.o)
                0x0000000010000208                alt_main
 .text          0x0000000010000268       0x5c ../app_acc_bsp/\libhal_bsp.a(alt_sys_init.o)
                0x0000000010000268                alt_irq_init
                0x00000000100002a0                alt_sys_init
 .text          0x00000000100002c4      0x114 ../app_acc_bsp/\libhal_bsp.a(alt_close.o)
                0x0000000010000300                close
 .text          0x00000000100003d8       0x20 ../app_acc_bsp/\libhal_bsp.a(alt_dcache_flush_all.o)
                0x00000000100003d8                alt_dcache_flush_all
 .text          0x00000000100003f8       0x2c ../app_acc_bsp/\libhal_bsp.a(alt_dev.o)
 .text          0x0000000010000424       0x60 ../app_acc_bsp/\libhal_bsp.a(alt_do_ctors.o)
                0x0000000010000424                _do_ctors
 .text          0x0000000010000484       0x60 ../app_acc_bsp/\libhal_bsp.a(alt_do_dtors.o)
                0x0000000010000484                _do_dtors
 .text          0x00000000100004e4        0x0 ../app_acc_bsp/\libhal_bsp.a(alt_errno.o)
 .text          0x00000000100004e4       0x20 ../app_acc_bsp/\libhal_bsp.a(alt_icache_flush_all.o)
                0x00000000100004e4                alt_icache_flush_all
 .text          0x0000000010000504       0x84 ../app_acc_bsp/\libhal_bsp.a(alt_release_fd.o)
                0x0000000010000504                alt_release_fd
 .text          0x0000000010000588       0x24 ../app_acc_bsp/\libhal_bsp.a(altera_nios2_gen2_irq.o)
                0x0000000010000588                altera_nios2_gen2_irq_init
 .text          0x00000000100005ac        0x0 d:/bin/electrtools/intelfpga_lite/nios2eds/bin/gnu/h-x86_64-mingw32/bin/../lib/gcc/nios2-elf/5.3.0/../../../../../H-x86_64-mingw32/nios2-elf/lib/mno-hw-mul\libc.a(lib_a-atexit.o)
 .text.atexit   0x00000000100005ac       0x14 d:/bin/electrtools/intelfpga_lite/nios2eds/bin/gnu/h-x86_64-mingw32/bin/../lib/gcc/nios2-elf/5.3.0/../../../../../H-x86_64-mingw32/nios2-elf/lib/mno-hw-mul\libc.a(lib_a-atexit.o)
                0x00000000100005ac                atexit
 .text          0x00000000100005c0        0x0 d:/bin/electrtools/intelfpga_lite/nios2eds/bin/gnu/h-x86_64-mingw32/bin/../lib/gcc/nios2-elf/5.3.0/../../../../../H-x86_64-mingw32/nios2-elf/lib/mno-hw-mul\libc.a(lib_a-exit.o)
 .text.exit     0x00000000100005c0       0x38 d:/bin/electrtools/intelfpga_lite/nios2eds/bin/gnu/h-x86_64-mingw32/bin/../lib/gcc/nios2-elf/5.3.0/../../../../../H-x86_64-mingw32/nios2-elf/lib/mno-hw-mul\libc.a(lib_a-exit.o)
                0x00000000100005c0                exit
 .text          0x00000000100005f8        0x0 d:/bin/electrtools/intelfpga_lite/nios2eds/bin/gnu/h-x86_64-mingw32/bin/../lib/gcc/nios2-elf/5.3.0/../../../../../H-x86_64-mingw32/nios2-elf/lib/mno-hw-mul\libc.a(lib_a-impure.o)
 .text          0x00000000100005f8        0x0 d:/bin/electrtools/intelfpga_lite/nios2eds/bin/gnu/h-x86_64-mingw32/bin/../lib/gcc/nios2-elf/5.3.0/../../../../../H-x86_64-mingw32/nios2-elf/lib/mno-hw-mul\libc.a(lib_a-int_errno.o)
 .text          0x00000000100005f8        0x0 d:/bin/electrtools/intelfpga_lite/nios2eds/bin/gnu/h-x86_64-mingw32/bin/../lib/gcc/nios2-elf/5.3.0/../../../../../H-x86_64-mingw32/nios2-elf/lib/mno-hw-mul\libc.a(lib_a-__atexit.o)
 .text.__register_exitproc
                0x00000000100005f8      0x118 d:/bin/electrtools/intelfpga_lite/nios2eds/bin/gnu/h-x86_64-mingw32/bin/../lib/gcc/nios2-elf/5.3.0/../../../../../H-x86_64-mingw32/nios2-elf/lib/mno-hw-mul\libc.a(lib_a-__atexit.o)
                0x00000000100005f8                __register_exitproc
 .text          0x0000000010000710        0x0 d:/bin/electrtools/intelfpga_lite/nios2eds/bin/gnu/h-x86_64-mingw32/bin/../lib/gcc/nios2-elf/5.3.0/../../../../../H-x86_64-mingw32/nios2-elf/lib/mno-hw-mul\libc.a(lib_a-__call_atexit.o)
 .text.__call_exitprocs
                0x0000000010000710      0x180 d:/bin/electrtools/intelfpga_lite/nios2eds/bin/gnu/h-x86_64-mingw32/bin/../lib/gcc/nios2-elf/5.3.0/../../../../../H-x86_64-mingw32/nios2-elf/lib/mno-hw-mul\libc.a(lib_a-__call_atexit.o)
                0x0000000010000710                __call_exitprocs
 .text          0x0000000010000890       0x28 d:/bin/electrtools/intelfpga_lite/nios2eds/bin/gnu/h-x86_64-mingw32/bin/../lib/gcc/nios2-elf/5.3.0/mno-hw-mul\libgcc.a(lib2-mul.o)
                0x0000000010000890                __mulsi3
 .text          0x00000000100008b8       0x34 ../app_acc_bsp/\libhal_bsp.a(alt_exit.o)
                0x00000000100008b8                _exit
 *(.gnu.warning.*)
 *(.fini)
                [!provide]                        PROVIDE (__etext, ABSOLUTE (.))
                [!provide]                        PROVIDE (_etext, ABSOLUTE (.))
                [!provide]                        PROVIDE (etext, ABSOLUTE (.))
 *(.eh_frame_hdr)
                0x00000000100008ec                . = ALIGN (0x4)
                [!provide]                        PROVIDE (__preinit_array_start, ABSOLUTE (.))
 *(.preinit_array)
                [!provide]                        PROVIDE (__preinit_array_end, ABSOLUTE (.))
                [!provide]                        PROVIDE (__init_array_start, ABSOLUTE (.))
 *(.init_array)
                [!provide]                        PROVIDE (__init_array_end, ABSOLUTE (.))
                [!provide]                        PROVIDE (__fini_array_start, ABSOLUTE (.))
 *(.fini_array)
                [!provide]                        PROVIDE (__fini_array_end, ABSOLUTE (.))
 *(.eh_frame)
 *(.gcc_except_table .gcc_except_table.*)
 *(.dynamic)
                0x00000000100008ec                PROVIDE (__CTOR_LIST__, ABSOLUTE (.))
 *(.ctors)
 *(SORT(.ctors.*))
                0x00000000100008ec                PROVIDE (__CTOR_END__, ABSOLUTE (.))
                0x00000000100008ec                PROVIDE (__DTOR_LIST__, ABSOLUTE (.))
 *(.dtors)
 *(SORT(.dtors.*))
                0x00000000100008ec                PROVIDE (__DTOR_END__, ABSOLUTE (.))
 *(.jcr)
                0x00000000100008ec                . = ALIGN (0x4)

.rodata         0x00000000100008ec       0x10
                0x00000000100008ec                PROVIDE (__ram_rodata_start, ABSOLUTE (.))
                0x00000000100008ec                . = ALIGN (0x4)
 *(.rodata .rodata.* .gnu.linkonce.r.*)
 .rodata        0x00000000100008ec        0xa ../app_acc_bsp/\libhal_bsp.a(alt_dev.o)
 *fill*         0x00000000100008f6        0x2 
 .rodata.str1.4
                0x00000000100008f8        0x4 d:/bin/electrtools/intelfpga_lite/nios2eds/bin/gnu/h-x86_64-mingw32/bin/../lib/gcc/nios2-elf/5.3.0/../../../../../H-x86_64-mingw32/nios2-elf/lib/mno-hw-mul\libc.a(lib_a-impure.o)
                                          0x2 (size before relaxing)
 *(.rodata1)
                0x00000000100008fc                . = ALIGN (0x4)
                0x00000000100008fc                PROVIDE (__ram_rodata_end, ABSOLUTE (.))
                0x00000000100008ec                PROVIDE (__flash_rodata_start, LOADADDR (.rodata))

.rwdata         0x00000000100008fc      0x5ec load address 0x0000000010000ee8
                0x00000000100008fc                PROVIDE (__ram_rwdata_start, ABSOLUTE (.))
                0x00000000100008fc                . = ALIGN (0x4)
 *(.got.plt)
 *(.got)
 *(.data1)
 *(.data .data.* .gnu.linkonce.d.*)
 .data          0x00000000100008fc        0x0 ../app_acc_bsp//obj/HAL/src/crt0.o
 .data          0x00000000100008fc        0x0 obj/default/main.o
 .data          0x00000000100008fc        0x0 ../app_acc_bsp/\libhal_bsp.a(alt_load.o)
 .data          0x00000000100008fc        0x0 ../app_acc_bsp/\libhal_bsp.a(alt_main.o)
 .data          0x00000000100008fc        0x0 ../app_acc_bsp/\libhal_bsp.a(alt_sys_init.o)
 .data          0x00000000100008fc        0x0 ../app_acc_bsp/\libhal_bsp.a(alt_close.o)
 .data          0x00000000100008fc        0x0 ../app_acc_bsp/\libhal_bsp.a(alt_dcache_flush_all.o)
 .data          0x00000000100008fc      0x1a8 ../app_acc_bsp/\libhal_bsp.a(alt_dev.o)
                0x00000000100008fc                alt_dev_null
                0x0000000010000924                alt_fd_list
 .data          0x0000000010000aa4        0x0 ../app_acc_bsp/\libhal_bsp.a(alt_do_ctors.o)
 .data          0x0000000010000aa4        0x0 ../app_acc_bsp/\libhal_bsp.a(alt_do_dtors.o)
 .data          0x0000000010000aa4        0x0 ../app_acc_bsp/\libhal_bsp.a(alt_errno.o)
 .data          0x0000000010000aa4        0x0 ../app_acc_bsp/\libhal_bsp.a(alt_icache_flush_all.o)
 .data          0x0000000010000aa4        0x0 ../app_acc_bsp/\libhal_bsp.a(alt_release_fd.o)
 .data          0x0000000010000aa4        0x0 ../app_acc_bsp/\libhal_bsp.a(altera_nios2_gen2_irq.o)
 .data          0x0000000010000aa4        0x0 d:/bin/electrtools/intelfpga_lite/nios2eds/bin/gnu/h-x86_64-mingw32/bin/../lib/gcc/nios2-elf/5.3.0/../../../../../H-x86_64-mingw32/nios2-elf/lib/mno-hw-mul\libc.a(lib_a-atexit.o)
 .data          0x0000000010000aa4        0x0 d:/bin/electrtools/intelfpga_lite/nios2eds/bin/gnu/h-x86_64-mingw32/bin/../lib/gcc/nios2-elf/5.3.0/../../../../../H-x86_64-mingw32/nios2-elf/lib/mno-hw-mul\libc.a(lib_a-exit.o)
 .data          0x0000000010000aa4        0x0 d:/bin/electrtools/intelfpga_lite/nios2eds/bin/gnu/h-x86_64-mingw32/bin/../lib/gcc/nios2-elf/5.3.0/../../../../../H-x86_64-mingw32/nios2-elf/lib/mno-hw-mul\libc.a(lib_a-impure.o)
 .data.impure_data
                0x0000000010000aa4      0x424 d:/bin/electrtools/intelfpga_lite/nios2eds/bin/gnu/h-x86_64-mingw32/bin/../lib/gcc/nios2-elf/5.3.0/../../../../../H-x86_64-mingw32/nios2-elf/lib/mno-hw-mul\libc.a(lib_a-impure.o)
 .data          0x0000000010000ec8        0x0 d:/bin/electrtools/intelfpga_lite/nios2eds/bin/gnu/h-x86_64-mingw32/bin/../lib/gcc/nios2-elf/5.3.0/../../../../../H-x86_64-mingw32/nios2-elf/lib/mno-hw-mul\libc.a(lib_a-int_errno.o)
 .data          0x0000000010000ec8        0x0 d:/bin/electrtools/intelfpga_lite/nios2eds/bin/gnu/h-x86_64-mingw32/bin/../lib/gcc/nios2-elf/5.3.0/../../../../../H-x86_64-mingw32/nios2-elf/lib/mno-hw-mul\libc.a(lib_a-__atexit.o)
 .data          0x0000000010000ec8        0x0 d:/bin/electrtools/intelfpga_lite/nios2eds/bin/gnu/h-x86_64-mingw32/bin/../lib/gcc/nios2-elf/5.3.0/../../../../../H-x86_64-mingw32/nios2-elf/lib/mno-hw-mul\libc.a(lib_a-__call_atexit.o)
 .data          0x0000000010000ec8        0x0 d:/bin/electrtools/intelfpga_lite/nios2eds/bin/gnu/h-x86_64-mingw32/bin/../lib/gcc/nios2-elf/5.3.0/mno-hw-mul\libgcc.a(lib2-mul.o)
 .data          0x0000000010000ec8        0x0 ../app_acc_bsp/\libhal_bsp.a(alt_exit.o)
                0x0000000010008ec8                _gp = ABSOLUTE ((. + 0x8000))
                [!provide]                        PROVIDE (gp, _gp)
 *(.rwdata .rwdata.*)
 *(.sdata .sdata.* .gnu.linkonce.s.*)
 .sdata         0x0000000010000ec8       0x14 ../app_acc_bsp/\libhal_bsp.a(alt_dev.o)
                0x0000000010000ec8                alt_fs_list
                0x0000000010000ed0                alt_dev_list
                0x0000000010000ed8                alt_max_fd
 .sdata         0x0000000010000edc        0x4 ../app_acc_bsp/\libhal_bsp.a(alt_errno.o)
                0x0000000010000edc                alt_errno
 .sdata._global_impure_ptr
                0x0000000010000ee0        0x4 d:/bin/electrtools/intelfpga_lite/nios2eds/bin/gnu/h-x86_64-mingw32/bin/../lib/gcc/nios2-elf/5.3.0/../../../../../H-x86_64-mingw32/nios2-elf/lib/mno-hw-mul\libc.a(lib_a-impure.o)
                0x0000000010000ee0                _global_impure_ptr
 .sdata._impure_ptr
                0x0000000010000ee4        0x4 d:/bin/electrtools/intelfpga_lite/nios2eds/bin/gnu/h-x86_64-mingw32/bin/../lib/gcc/nios2-elf/5.3.0/../../../../../H-x86_64-mingw32/nios2-elf/lib/mno-hw-mul\libc.a(lib_a-impure.o)
                0x0000000010000ee4                _impure_ptr
 *(.sdata2 .sdata2.* .gnu.linkonce.s2.*)
                0x0000000010000ee8                . = ALIGN (0x4)
                0x0000000010000ee8                _edata = ABSOLUTE (.)
                [!provide]                        PROVIDE (edata, ABSOLUTE (.))
                0x0000000010000ee8                PROVIDE (__ram_rwdata_end, ABSOLUTE (.))
                0x0000000010000ee8                PROVIDE (__flash_rwdata_start, LOADADDR (.rwdata))

.bss            0x00000000100014d4       0x10
                0x00000000100014d4                __bss_start = ABSOLUTE (.)
                [!provide]                        PROVIDE (__sbss_start, ABSOLUTE (.))
                [!provide]                        PROVIDE (___sbss_start, ABSOLUTE (.))
 *(.dynsbss)
 *(.sbss .sbss.* .gnu.linkonce.sb.*)
 .sbss          0x00000000100014d4        0xc ../app_acc_bsp/\libhal_bsp.a(alt_main.o)
                0x00000000100014d4                alt_argc
                0x00000000100014d8                alt_argv
                0x00000000100014dc                alt_envp
 .sbss          0x00000000100014e0        0x4 d:/bin/electrtools/intelfpga_lite/nios2eds/bin/gnu/h-x86_64-mingw32/bin/../lib/gcc/nios2-elf/5.3.0/../../../../../H-x86_64-mingw32/nios2-elf/lib/mno-hw-mul\libc.a(lib_a-int_errno.o)
                0x00000000100014e0                errno
 *(.sbss2 .sbss2.* .gnu.linkonce.sb2.*)
 *(.scommon)
                [!provide]                        PROVIDE (__sbss_end, ABSOLUTE (.))
                [!provide]                        PROVIDE (___sbss_end, ABSOLUTE (.))
 *(.dynbss)
 *(.bss .bss.* .gnu.linkonce.b.*)
 .bss           0x00000000100014e4        0x0 ../app_acc_bsp//obj/HAL/src/crt0.o
 .bss           0x00000000100014e4        0x0 obj/default/main.o
 .bss           0x00000000100014e4        0x0 ../app_acc_bsp/\libhal_bsp.a(alt_load.o)
 .bss           0x00000000100014e4        0x0 ../app_acc_bsp/\libhal_bsp.a(alt_main.o)
 .bss           0x00000000100014e4        0x0 ../app_acc_bsp/\libhal_bsp.a(alt_sys_init.o)
 .bss           0x00000000100014e4        0x0 ../app_acc_bsp/\libhal_bsp.a(alt_close.o)
 .bss           0x00000000100014e4        0x0 ../app_acc_bsp/\libhal_bsp.a(alt_dcache_flush_all.o)
 .bss           0x00000000100014e4        0x0 ../app_acc_bsp/\libhal_bsp.a(alt_dev.o)
 .bss           0x00000000100014e4        0x0 ../app_acc_bsp/\libhal_bsp.a(alt_do_ctors.o)
 .bss           0x00000000100014e4        0x0 ../app_acc_bsp/\libhal_bsp.a(alt_do_dtors.o)
 .bss           0x00000000100014e4        0x0 ../app_acc_bsp/\libhal_bsp.a(alt_errno.o)
 .bss           0x00000000100014e4        0x0 ../app_acc_bsp/\libhal_bsp.a(alt_icache_flush_all.o)
 .bss           0x00000000100014e4        0x0 ../app_acc_bsp/\libhal_bsp.a(alt_release_fd.o)
 .bss           0x00000000100014e4        0x0 ../app_acc_bsp/\libhal_bsp.a(altera_nios2_gen2_irq.o)
 .bss           0x00000000100014e4        0x0 d:/bin/electrtools/intelfpga_lite/nios2eds/bin/gnu/h-x86_64-mingw32/bin/../lib/gcc/nios2-elf/5.3.0/../../../../../H-x86_64-mingw32/nios2-elf/lib/mno-hw-mul\libc.a(lib_a-atexit.o)
 .bss           0x00000000100014e4        0x0 d:/bin/electrtools/intelfpga_lite/nios2eds/bin/gnu/h-x86_64-mingw32/bin/../lib/gcc/nios2-elf/5.3.0/../../../../../H-x86_64-mingw32/nios2-elf/lib/mno-hw-mul\libc.a(lib_a-exit.o)
 .bss           0x00000000100014e4        0x0 d:/bin/electrtools/intelfpga_lite/nios2eds/bin/gnu/h-x86_64-mingw32/bin/../lib/gcc/nios2-elf/5.3.0/../../../../../H-x86_64-mingw32/nios2-elf/lib/mno-hw-mul\libc.a(lib_a-impure.o)
 .bss           0x00000000100014e4        0x0 d:/bin/electrtools/intelfpga_lite/nios2eds/bin/gnu/h-x86_64-mingw32/bin/../lib/gcc/nios2-elf/5.3.0/../../../../../H-x86_64-mingw32/nios2-elf/lib/mno-hw-mul\libc.a(lib_a-int_errno.o)
 .bss           0x00000000100014e4        0x0 d:/bin/electrtools/intelfpga_lite/nios2eds/bin/gnu/h-x86_64-mingw32/bin/../lib/gcc/nios2-elf/5.3.0/../../../../../H-x86_64-mingw32/nios2-elf/lib/mno-hw-mul\libc.a(lib_a-__atexit.o)
 .bss           0x00000000100014e4        0x0 d:/bin/electrtools/intelfpga_lite/nios2eds/bin/gnu/h-x86_64-mingw32/bin/../lib/gcc/nios2-elf/5.3.0/../../../../../H-x86_64-mingw32/nios2-elf/lib/mno-hw-mul\libc.a(lib_a-__call_atexit.o)
 .bss           0x00000000100014e4        0x0 d:/bin/electrtools/intelfpga_lite/nios2eds/bin/gnu/h-x86_64-mingw32/bin/../lib/gcc/nios2-elf/5.3.0/mno-hw-mul\libgcc.a(lib2-mul.o)
 .bss           0x00000000100014e4        0x0 ../app_acc_bsp/\libhal_bsp.a(alt_exit.o)
 *(COMMON)
                0x00000000100014e4                . = ALIGN (0x4)
                0x00000000100014e4                __bss_end = ABSOLUTE (.)

.onchip_memory2_0
                0x0000000000000000        0x0 load address 0x00000000100014e4
                [!provide]                        PROVIDE (_alt_partition_onchip_memory2_0_start, ABSOLUTE (.))
 *(.onchip_memory2_0 .onchip_memory2_0. onchip_memory2_0.*)
                0x0000000000000000                . = ALIGN (0x4)
                [!provide]                        PROVIDE (_alt_partition_onchip_memory2_0_end, ABSOLUTE (.))
                [!provide]                        PROVIDE (_alt_partition_onchip_memory2_0_load_addr, LOADADDR (.onchip_memory2_0))

.sdram          0x00000000100014e4        0x0
                [!provide]                        PROVIDE (_alt_partition_sdram_start, ABSOLUTE (.))
 *(.sdram .sdram. sdram.*)
                0x00000000100014e4                . = ALIGN (0x4)
                [!provide]                        PROVIDE (_alt_partition_sdram_end, ABSOLUTE (.))
                0x00000000100014e4                _end = ABSOLUTE (.)
                0x00000000100014e4                end = ABSOLUTE (.)
                0x00000000100014e4                __alt_stack_base = ABSOLUTE (.)
                [!provide]                        PROVIDE (_alt_partition_sdram_load_addr, LOADADDR (.sdram))

.stab
 *(.stab)

.stabstr
 *(.stabstr)

.stab.excl
 *(.stab.excl)

.stab.exclstr
 *(.stab.exclstr)

.stab.index
 *(.stab.index)

.stab.indexstr
 *(.stab.indexstr)

.comment        0x0000000000000000       0x23
 *(.comment)
 .comment       0x0000000000000000       0x23 obj/default/main.o
                                         0x24 (size before relaxing)
 .comment       0x0000000000000023       0x24 ../app_acc_bsp/\libhal_bsp.a(alt_load.o)
 .comment       0x0000000000000023       0x24 ../app_acc_bsp/\libhal_bsp.a(alt_main.o)
 .comment       0x0000000000000023       0x24 ../app_acc_bsp/\libhal_bsp.a(alt_sys_init.o)
 .comment       0x0000000000000023       0x24 ../app_acc_bsp/\libhal_bsp.a(alt_close.o)
 .comment       0x0000000000000023       0x24 ../app_acc_bsp/\libhal_bsp.a(alt_dcache_flush_all.o)
 .comment       0x0000000000000023       0x24 ../app_acc_bsp/\libhal_bsp.a(alt_dev.o)
 .comment       0x0000000000000023       0x24 ../app_acc_bsp/\libhal_bsp.a(alt_do_ctors.o)
 .comment       0x0000000000000023       0x24 ../app_acc_bsp/\libhal_bsp.a(alt_do_dtors.o)
 .comment       0x0000000000000023       0x24 ../app_acc_bsp/\libhal_bsp.a(alt_errno.o)
 .comment       0x0000000000000023       0x24 ../app_acc_bsp/\libhal_bsp.a(alt_icache_flush_all.o)
 .comment       0x0000000000000023       0x24 ../app_acc_bsp/\libhal_bsp.a(alt_release_fd.o)
 .comment       0x0000000000000023       0x24 ../app_acc_bsp/\libhal_bsp.a(altera_nios2_gen2_irq.o)
 .comment       0x0000000000000023       0x24 d:/bin/electrtools/intelfpga_lite/nios2eds/bin/gnu/h-x86_64-mingw32/bin/../lib/gcc/nios2-elf/5.3.0/../../../../../H-x86_64-mingw32/nios2-elf/lib/mno-hw-mul\libc.a(lib_a-atexit.o)
 .comment       0x0000000000000023       0x24 d:/bin/electrtools/intelfpga_lite/nios2eds/bin/gnu/h-x86_64-mingw32/bin/../lib/gcc/nios2-elf/5.3.0/../../../../../H-x86_64-mingw32/nios2-elf/lib/mno-hw-mul\libc.a(lib_a-exit.o)
 .comment       0x0000000000000023       0x24 d:/bin/electrtools/intelfpga_lite/nios2eds/bin/gnu/h-x86_64-mingw32/bin/../lib/gcc/nios2-elf/5.3.0/../../../../../H-x86_64-mingw32/nios2-elf/lib/mno-hw-mul\libc.a(lib_a-impure.o)
 .comment       0x0000000000000023       0x24 d:/bin/electrtools/intelfpga_lite/nios2eds/bin/gnu/h-x86_64-mingw32/bin/../lib/gcc/nios2-elf/5.3.0/../../../../../H-x86_64-mingw32/nios2-elf/lib/mno-hw-mul\libc.a(lib_a-int_errno.o)
 .comment       0x0000000000000023       0x24 d:/bin/electrtools/intelfpga_lite/nios2eds/bin/gnu/h-x86_64-mingw32/bin/../lib/gcc/nios2-elf/5.3.0/../../../../../H-x86_64-mingw32/nios2-elf/lib/mno-hw-mul\libc.a(lib_a-__atexit.o)
 .comment       0x0000000000000023       0x24 d:/bin/electrtools/intelfpga_lite/nios2eds/bin/gnu/h-x86_64-mingw32/bin/../lib/gcc/nios2-elf/5.3.0/../../../../../H-x86_64-mingw32/nios2-elf/lib/mno-hw-mul\libc.a(lib_a-__call_atexit.o)
 .comment       0x0000000000000023       0x24 d:/bin/electrtools/intelfpga_lite/nios2eds/bin/gnu/h-x86_64-mingw32/bin/../lib/gcc/nios2-elf/5.3.0/mno-hw-mul\libgcc.a(lib2-mul.o)
 .comment       0x0000000000000023       0x24 ../app_acc_bsp/\libhal_bsp.a(alt_exit.o)

.debug
 *(.debug)

.line
 *(.line)

.debug_srcinfo
 *(.debug_srcinfo)

.debug_sfnames
 *(.debug_sfnames)

.debug_aranges  0x0000000000000000      0x2b0
 *(.debug_aranges)
 .debug_aranges
                0x0000000000000000       0x28 ../app_acc_bsp//obj/HAL/src/crt0.o
 .debug_aranges
                0x0000000000000028       0x20 obj/default/main.o
 .debug_aranges
                0x0000000000000048       0x20 ../app_acc_bsp/\libhal_bsp.a(alt_load.o)
 .debug_aranges
                0x0000000000000068       0x20 ../app_acc_bsp/\libhal_bsp.a(alt_main.o)
 .debug_aranges
                0x0000000000000088       0x20 ../app_acc_bsp/\libhal_bsp.a(alt_sys_init.o)
 .debug_aranges
                0x00000000000000a8       0x20 ../app_acc_bsp/\libhal_bsp.a(alt_close.o)
 .debug_aranges
                0x00000000000000c8       0x20 ../app_acc_bsp/\libhal_bsp.a(alt_dcache_flush_all.o)
 .debug_aranges
                0x00000000000000e8       0x20 ../app_acc_bsp/\libhal_bsp.a(alt_dev.o)
 .debug_aranges
                0x0000000000000108       0x20 ../app_acc_bsp/\libhal_bsp.a(alt_do_ctors.o)
 .debug_aranges
                0x0000000000000128       0x20 ../app_acc_bsp/\libhal_bsp.a(alt_do_dtors.o)
 .debug_aranges
                0x0000000000000148       0x18 ../app_acc_bsp/\libhal_bsp.a(alt_errno.o)
 .debug_aranges
                0x0000000000000160       0x20 ../app_acc_bsp/\libhal_bsp.a(alt_icache_flush_all.o)
 .debug_aranges
                0x0000000000000180       0x20 ../app_acc_bsp/\libhal_bsp.a(alt_release_fd.o)
 .debug_aranges
                0x00000000000001a0       0x20 ../app_acc_bsp/\libhal_bsp.a(altera_nios2_gen2_irq.o)
 .debug_aranges
                0x00000000000001c0       0x20 d:/bin/electrtools/intelfpga_lite/nios2eds/bin/gnu/h-x86_64-mingw32/bin/../lib/gcc/nios2-elf/5.3.0/../../../../../H-x86_64-mingw32/nios2-elf/lib/mno-hw-mul\libc.a(lib_a-atexit.o)
 .debug_aranges
                0x00000000000001e0       0x20 d:/bin/electrtools/intelfpga_lite/nios2eds/bin/gnu/h-x86_64-mingw32/bin/../lib/gcc/nios2-elf/5.3.0/../../../../../H-x86_64-mingw32/nios2-elf/lib/mno-hw-mul\libc.a(lib_a-exit.o)
 .debug_aranges
                0x0000000000000200       0x18 d:/bin/electrtools/intelfpga_lite/nios2eds/bin/gnu/h-x86_64-mingw32/bin/../lib/gcc/nios2-elf/5.3.0/../../../../../H-x86_64-mingw32/nios2-elf/lib/mno-hw-mul\libc.a(lib_a-impure.o)
 .debug_aranges
                0x0000000000000218       0x18 d:/bin/electrtools/intelfpga_lite/nios2eds/bin/gnu/h-x86_64-mingw32/bin/../lib/gcc/nios2-elf/5.3.0/../../../../../H-x86_64-mingw32/nios2-elf/lib/mno-hw-mul\libc.a(lib_a-int_errno.o)
 .debug_aranges
                0x0000000000000230       0x20 d:/bin/electrtools/intelfpga_lite/nios2eds/bin/gnu/h-x86_64-mingw32/bin/../lib/gcc/nios2-elf/5.3.0/../../../../../H-x86_64-mingw32/nios2-elf/lib/mno-hw-mul\libc.a(lib_a-__atexit.o)
 .debug_aranges
                0x0000000000000250       0x20 d:/bin/electrtools/intelfpga_lite/nios2eds/bin/gnu/h-x86_64-mingw32/bin/../lib/gcc/nios2-elf/5.3.0/../../../../../H-x86_64-mingw32/nios2-elf/lib/mno-hw-mul\libc.a(lib_a-__call_atexit.o)
 .debug_aranges
                0x0000000000000270       0x20 d:/bin/electrtools/intelfpga_lite/nios2eds/bin/gnu/h-x86_64-mingw32/bin/../lib/gcc/nios2-elf/5.3.0/mno-hw-mul\libgcc.a(lib2-mul.o)
 .debug_aranges
                0x0000000000000290       0x20 ../app_acc_bsp/\libhal_bsp.a(alt_exit.o)

.debug_pubnames
 *(.debug_pubnames)

.debug_info     0x0000000000000000     0x3a40
 *(.debug_info .gnu.linkonce.wi.*)
 .debug_info    0x0000000000000000       0x8d ../app_acc_bsp//obj/HAL/src/crt0.o
 .debug_info    0x000000000000008d       0xb8 obj/default/main.o
 .debug_info    0x0000000000000145      0x145 ../app_acc_bsp/\libhal_bsp.a(alt_load.o)
 .debug_info    0x000000000000028a      0x157 ../app_acc_bsp/\libhal_bsp.a(alt_main.o)
 .debug_info    0x00000000000003e1       0xfa ../app_acc_bsp/\libhal_bsp.a(alt_sys_init.o)
 .debug_info    0x00000000000004db      0x321 ../app_acc_bsp/\libhal_bsp.a(alt_close.o)
 .debug_info    0x00000000000007fc       0x92 ../app_acc_bsp/\libhal_bsp.a(alt_dcache_flush_all.o)
 .debug_info    0x000000000000088e      0x49c ../app_acc_bsp/\libhal_bsp.a(alt_dev.o)
 .debug_info    0x0000000000000d2a       0x83 ../app_acc_bsp/\libhal_bsp.a(alt_do_ctors.o)
 .debug_info    0x0000000000000dad       0x83 ../app_acc_bsp/\libhal_bsp.a(alt_do_dtors.o)
 .debug_info    0x0000000000000e30       0xa6 ../app_acc_bsp/\libhal_bsp.a(alt_errno.o)
 .debug_info    0x0000000000000ed6       0x92 ../app_acc_bsp/\libhal_bsp.a(alt_icache_flush_all.o)
 .debug_info    0x0000000000000f68      0x2b0 ../app_acc_bsp/\libhal_bsp.a(alt_release_fd.o)
 .debug_info    0x0000000000001218       0xb8 ../app_acc_bsp/\libhal_bsp.a(altera_nios2_gen2_irq.o)
 .debug_info    0x00000000000012d0       0xfe d:/bin/electrtools/intelfpga_lite/nios2eds/bin/gnu/h-x86_64-mingw32/bin/../lib/gcc/nios2-elf/5.3.0/../../../../../H-x86_64-mingw32/nios2-elf/lib/mno-hw-mul\libc.a(lib_a-atexit.o)
 .debug_info    0x00000000000013ce      0x8e4 d:/bin/electrtools/intelfpga_lite/nios2eds/bin/gnu/h-x86_64-mingw32/bin/../lib/gcc/nios2-elf/5.3.0/../../../../../H-x86_64-mingw32/nios2-elf/lib/mno-hw-mul\libc.a(lib_a-exit.o)
 .debug_info    0x0000000000001cb2      0x8a1 d:/bin/electrtools/intelfpga_lite/nios2eds/bin/gnu/h-x86_64-mingw32/bin/../lib/gcc/nios2-elf/5.3.0/../../../../../H-x86_64-mingw32/nios2-elf/lib/mno-hw-mul\libc.a(lib_a-impure.o)
 .debug_info    0x0000000000002553       0x8a d:/bin/electrtools/intelfpga_lite/nios2eds/bin/gnu/h-x86_64-mingw32/bin/../lib/gcc/nios2-elf/5.3.0/../../../../../H-x86_64-mingw32/nios2-elf/lib/mno-hw-mul\libc.a(lib_a-int_errno.o)
 .debug_info    0x00000000000025dd      0x934 d:/bin/electrtools/intelfpga_lite/nios2eds/bin/gnu/h-x86_64-mingw32/bin/../lib/gcc/nios2-elf/5.3.0/../../../../../H-x86_64-mingw32/nios2-elf/lib/mno-hw-mul\libc.a(lib_a-__atexit.o)
 .debug_info    0x0000000000002f11      0x965 d:/bin/electrtools/intelfpga_lite/nios2eds/bin/gnu/h-x86_64-mingw32/bin/../lib/gcc/nios2-elf/5.3.0/../../../../../H-x86_64-mingw32/nios2-elf/lib/mno-hw-mul\libc.a(lib_a-__call_atexit.o)
 .debug_info    0x0000000000003876       0xb4 d:/bin/electrtools/intelfpga_lite/nios2eds/bin/gnu/h-x86_64-mingw32/bin/../lib/gcc/nios2-elf/5.3.0/mno-hw-mul\libgcc.a(lib2-mul.o)
 .debug_info    0x000000000000392a      0x116 ../app_acc_bsp/\libhal_bsp.a(alt_exit.o)

.debug_abbrev   0x0000000000000000     0x118d
 *(.debug_abbrev)
 .debug_abbrev  0x0000000000000000       0x12 ../app_acc_bsp//obj/HAL/src/crt0.o
 .debug_abbrev  0x0000000000000012       0x72 obj/default/main.o
 .debug_abbrev  0x0000000000000084       0x9f ../app_acc_bsp/\libhal_bsp.a(alt_load.o)
 .debug_abbrev  0x0000000000000123       0xc1 ../app_acc_bsp/\libhal_bsp.a(alt_main.o)
 .debug_abbrev  0x00000000000001e4       0xbc ../app_acc_bsp/\libhal_bsp.a(alt_sys_init.o)
 .debug_abbrev  0x00000000000002a0      0x11f ../app_acc_bsp/\libhal_bsp.a(alt_close.o)
 .debug_abbrev  0x00000000000003bf       0x42 ../app_acc_bsp/\libhal_bsp.a(alt_dcache_flush_all.o)
 .debug_abbrev  0x0000000000000401       0xd9 ../app_acc_bsp/\libhal_bsp.a(alt_dev.o)
 .debug_abbrev  0x00000000000004da       0x79 ../app_acc_bsp/\libhal_bsp.a(alt_do_ctors.o)
 .debug_abbrev  0x0000000000000553       0x79 ../app_acc_bsp/\libhal_bsp.a(alt_do_dtors.o)
 .debug_abbrev  0x00000000000005cc       0x5a ../app_acc_bsp/\libhal_bsp.a(alt_errno.o)
 .debug_abbrev  0x0000000000000626       0x42 ../app_acc_bsp/\libhal_bsp.a(alt_icache_flush_all.o)
 .debug_abbrev  0x0000000000000668       0xde ../app_acc_bsp/\libhal_bsp.a(alt_release_fd.o)
 .debug_abbrev  0x0000000000000746       0x67 ../app_acc_bsp/\libhal_bsp.a(altera_nios2_gen2_irq.o)
 .debug_abbrev  0x00000000000007ad       0xaa d:/bin/electrtools/intelfpga_lite/nios2eds/bin/gnu/h-x86_64-mingw32/bin/../lib/gcc/nios2-elf/5.3.0/../../../../../H-x86_64-mingw32/nios2-elf/lib/mno-hw-mul\libc.a(lib_a-atexit.o)
 .debug_abbrev  0x0000000000000857      0x1e5 d:/bin/electrtools/intelfpga_lite/nios2eds/bin/gnu/h-x86_64-mingw32/bin/../lib/gcc/nios2-elf/5.3.0/../../../../../H-x86_64-mingw32/nios2-elf/lib/mno-hw-mul\libc.a(lib_a-exit.o)
 .debug_abbrev  0x0000000000000a3c      0x18f d:/bin/electrtools/intelfpga_lite/nios2eds/bin/gnu/h-x86_64-mingw32/bin/../lib/gcc/nios2-elf/5.3.0/../../../../../H-x86_64-mingw32/nios2-elf/lib/mno-hw-mul\libc.a(lib_a-impure.o)
 .debug_abbrev  0x0000000000000bcb       0x37 d:/bin/electrtools/intelfpga_lite/nios2eds/bin/gnu/h-x86_64-mingw32/bin/../lib/gcc/nios2-elf/5.3.0/../../../../../H-x86_64-mingw32/nios2-elf/lib/mno-hw-mul\libc.a(lib_a-int_errno.o)
 .debug_abbrev  0x0000000000000c02      0x21e d:/bin/electrtools/intelfpga_lite/nios2eds/bin/gnu/h-x86_64-mingw32/bin/../lib/gcc/nios2-elf/5.3.0/../../../../../H-x86_64-mingw32/nios2-elf/lib/mno-hw-mul\libc.a(lib_a-__atexit.o)
 .debug_abbrev  0x0000000000000e20      0x22e d:/bin/electrtools/intelfpga_lite/nios2eds/bin/gnu/h-x86_64-mingw32/bin/../lib/gcc/nios2-elf/5.3.0/../../../../../H-x86_64-mingw32/nios2-elf/lib/mno-hw-mul\libc.a(lib_a-__call_atexit.o)
 .debug_abbrev  0x000000000000104e       0x6f d:/bin/electrtools/intelfpga_lite/nios2eds/bin/gnu/h-x86_64-mingw32/bin/../lib/gcc/nios2-elf/5.3.0/mno-hw-mul\libgcc.a(lib2-mul.o)
 .debug_abbrev  0x00000000000010bd       0xd0 ../app_acc_bsp/\libhal_bsp.a(alt_exit.o)

.debug_line     0x0000000000000000     0x1233
 *(.debug_line)
 .debug_line    0x0000000000000000       0x66 ../app_acc_bsp//obj/HAL/src/crt0.o
 .debug_line    0x0000000000000066       0x4f obj/default/main.o
 .debug_line    0x00000000000000b5       0x8e ../app_acc_bsp/\libhal_bsp.a(alt_load.o)
 .debug_line    0x0000000000000143       0xcd ../app_acc_bsp/\libhal_bsp.a(alt_main.o)
 .debug_line    0x0000000000000210       0xa8 ../app_acc_bsp/\libhal_bsp.a(alt_sys_init.o)
 .debug_line    0x00000000000002b8      0x170 ../app_acc_bsp/\libhal_bsp.a(alt_close.o)
 .debug_line    0x0000000000000428       0x51 ../app_acc_bsp/\libhal_bsp.a(alt_dcache_flush_all.o)
 .debug_line    0x0000000000000479      0x103 ../app_acc_bsp/\libhal_bsp.a(alt_dev.o)
 .debug_line    0x000000000000057c       0x59 ../app_acc_bsp/\libhal_bsp.a(alt_do_ctors.o)
 .debug_line    0x00000000000005d5       0x59 ../app_acc_bsp/\libhal_bsp.a(alt_do_dtors.o)
 .debug_line    0x000000000000062e       0x51 ../app_acc_bsp/\libhal_bsp.a(alt_errno.o)
 .debug_line    0x000000000000067f       0x4f ../app_acc_bsp/\libhal_bsp.a(alt_icache_flush_all.o)
 .debug_line    0x00000000000006ce       0xb0 ../app_acc_bsp/\libhal_bsp.a(alt_release_fd.o)
 .debug_line    0x000000000000077e       0x8d ../app_acc_bsp/\libhal_bsp.a(altera_nios2_gen2_irq.o)
 .debug_line    0x000000000000080b       0xe7 d:/bin/electrtools/intelfpga_lite/nios2eds/bin/gnu/h-x86_64-mingw32/bin/../lib/gcc/nios2-elf/5.3.0/../../../../../H-x86_64-mingw32/nios2-elf/lib/mno-hw-mul\libc.a(lib_a-atexit.o)
 .debug_line    0x00000000000008f2      0x1fc d:/bin/electrtools/intelfpga_lite/nios2eds/bin/gnu/h-x86_64-mingw32/bin/../lib/gcc/nios2-elf/5.3.0/../../../../../H-x86_64-mingw32/nios2-elf/lib/mno-hw-mul\libc.a(lib_a-exit.o)
 .debug_line    0x0000000000000aee      0x160 d:/bin/electrtools/intelfpga_lite/nios2eds/bin/gnu/h-x86_64-mingw32/bin/../lib/gcc/nios2-elf/5.3.0/../../../../../H-x86_64-mingw32/nios2-elf/lib/mno-hw-mul\libc.a(lib_a-impure.o)
 .debug_line    0x0000000000000c4e       0x5f d:/bin/electrtools/intelfpga_lite/nios2eds/bin/gnu/h-x86_64-mingw32/bin/../lib/gcc/nios2-elf/5.3.0/../../../../../H-x86_64-mingw32/nios2-elf/lib/mno-hw-mul\libc.a(lib_a-int_errno.o)
 .debug_line    0x0000000000000cad      0x21f d:/bin/electrtools/intelfpga_lite/nios2eds/bin/gnu/h-x86_64-mingw32/bin/../lib/gcc/nios2-elf/5.3.0/../../../../../H-x86_64-mingw32/nios2-elf/lib/mno-hw-mul\libc.a(lib_a-__atexit.o)
 .debug_line    0x0000000000000ecc      0x23a d:/bin/electrtools/intelfpga_lite/nios2eds/bin/gnu/h-x86_64-mingw32/bin/../lib/gcc/nios2-elf/5.3.0/../../../../../H-x86_64-mingw32/nios2-elf/lib/mno-hw-mul\libc.a(lib_a-__call_atexit.o)
 .debug_line    0x0000000000001106       0x80 d:/bin/electrtools/intelfpga_lite/nios2eds/bin/gnu/h-x86_64-mingw32/bin/../lib/gcc/nios2-elf/5.3.0/mno-hw-mul\libgcc.a(lib2-mul.o)
 .debug_line    0x0000000000001186       0xad ../app_acc_bsp/\libhal_bsp.a(alt_exit.o)

.debug_frame    0x0000000000000000      0x40c
 *(.debug_frame)
 .debug_frame   0x0000000000000000       0x2c obj/default/main.o
 .debug_frame   0x000000000000002c       0x5c ../app_acc_bsp/\libhal_bsp.a(alt_load.o)
 .debug_frame   0x0000000000000088       0x2c ../app_acc_bsp/\libhal_bsp.a(alt_main.o)
 .debug_frame   0x00000000000000b4       0x5c ../app_acc_bsp/\libhal_bsp.a(alt_sys_init.o)
 .debug_frame   0x0000000000000110       0x60 ../app_acc_bsp/\libhal_bsp.a(alt_close.o)
 .debug_frame   0x0000000000000170       0x34 ../app_acc_bsp/\libhal_bsp.a(alt_dcache_flush_all.o)
 .debug_frame   0x00000000000001a4       0x34 ../app_acc_bsp/\libhal_bsp.a(alt_dev.o)
 .debug_frame   0x00000000000001d8       0x38 ../app_acc_bsp/\libhal_bsp.a(alt_do_ctors.o)
 .debug_frame   0x0000000000000210       0x38 ../app_acc_bsp/\libhal_bsp.a(alt_do_dtors.o)
 .debug_frame   0x0000000000000248       0x34 ../app_acc_bsp/\libhal_bsp.a(alt_icache_flush_all.o)
 .debug_frame   0x000000000000027c       0x3c ../app_acc_bsp/\libhal_bsp.a(alt_release_fd.o)
 .debug_frame   0x00000000000002b8       0x34 ../app_acc_bsp/\libhal_bsp.a(altera_nios2_gen2_irq.o)
 .debug_frame   0x00000000000002ec       0x20 d:/bin/electrtools/intelfpga_lite/nios2eds/bin/gnu/h-x86_64-mingw32/bin/../lib/gcc/nios2-elf/5.3.0/../../../../../H-x86_64-mingw32/nios2-elf/lib/mno-hw-mul\libc.a(lib_a-atexit.o)
 .debug_frame   0x000000000000030c       0x28 d:/bin/electrtools/intelfpga_lite/nios2eds/bin/gnu/h-x86_64-mingw32/bin/../lib/gcc/nios2-elf/5.3.0/../../../../../H-x86_64-mingw32/nios2-elf/lib/mno-hw-mul\libc.a(lib_a-exit.o)
 .debug_frame   0x0000000000000334       0x38 d:/bin/electrtools/intelfpga_lite/nios2eds/bin/gnu/h-x86_64-mingw32/bin/../lib/gcc/nios2-elf/5.3.0/../../../../../H-x86_64-mingw32/nios2-elf/lib/mno-hw-mul\libc.a(lib_a-__atexit.o)
 .debug_frame   0x000000000000036c       0x54 d:/bin/electrtools/intelfpga_lite/nios2eds/bin/gnu/h-x86_64-mingw32/bin/../lib/gcc/nios2-elf/5.3.0/../../../../../H-x86_64-mingw32/nios2-elf/lib/mno-hw-mul\libc.a(lib_a-__call_atexit.o)
 .debug_frame   0x00000000000003c0       0x20 d:/bin/electrtools/intelfpga_lite/nios2eds/bin/gnu/h-x86_64-mingw32/bin/../lib/gcc/nios2-elf/5.3.0/mno-hw-mul\libgcc.a(lib2-mul.o)
 .debug_frame   0x00000000000003e0       0x2c ../app_acc_bsp/\libhal_bsp.a(alt_exit.o)

.debug_str      0x0000000000000000      0xee4
 *(.debug_str)
 .debug_str     0x0000000000000000       0xb6 obj/default/main.o
                                         0xcf (size before relaxing)
 .debug_str     0x00000000000000b6      0x1af ../app_acc_bsp/\libhal_bsp.a(alt_load.o)
                                        0x231 (size before relaxing)
 .debug_str     0x0000000000000265       0x91 ../app_acc_bsp/\libhal_bsp.a(alt_main.o)
                                        0x1e5 (size before relaxing)
 .debug_str     0x00000000000002f6       0x47 ../app_acc_bsp/\libhal_bsp.a(alt_sys_init.o)
                                        0x1b5 (size before relaxing)
 .debug_str     0x000000000000033d       0x97 ../app_acc_bsp/\libhal_bsp.a(alt_close.o)
                                        0x22a (size before relaxing)
 .debug_str     0x00000000000003d4       0x34 ../app_acc_bsp/\libhal_bsp.a(alt_dcache_flush_all.o)
                                        0x174 (size before relaxing)
 .debug_str     0x0000000000000408      0x120 ../app_acc_bsp/\libhal_bsp.a(alt_dev.o)
                                        0x324 (size before relaxing)
 .debug_str     0x0000000000000528       0x48 ../app_acc_bsp/\libhal_bsp.a(alt_do_ctors.o)
                                         0xef (size before relaxing)
 .debug_str     0x0000000000000570       0x4c ../app_acc_bsp/\libhal_bsp.a(alt_do_dtors.o)
                                         0xee (size before relaxing)
 .debug_str     0x00000000000005bc       0x14 ../app_acc_bsp/\libhal_bsp.a(alt_errno.o)
                                        0x164 (size before relaxing)
 .debug_str     0x00000000000005d0       0x34 ../app_acc_bsp/\libhal_bsp.a(alt_icache_flush_all.o)
                                        0x174 (size before relaxing)
 .debug_str     0x0000000000000604       0x28 ../app_acc_bsp/\libhal_bsp.a(alt_release_fd.o)
                                        0x1f2 (size before relaxing)
 .debug_str     0x000000000000062c       0x3b ../app_acc_bsp/\libhal_bsp.a(altera_nios2_gen2_irq.o)
                                        0x1a4 (size before relaxing)
 .debug_str     0x0000000000000667      0x17c d:/bin/electrtools/intelfpga_lite/nios2eds/bin/gnu/h-x86_64-mingw32/bin/../lib/gcc/nios2-elf/5.3.0/../../../../../H-x86_64-mingw32/nios2-elf/lib/mno-hw-mul\libc.a(lib_a-atexit.o)
                                        0x221 (size before relaxing)
 .debug_str     0x00000000000007e3      0x3d6 d:/bin/electrtools/intelfpga_lite/nios2eds/bin/gnu/h-x86_64-mingw32/bin/../lib/gcc/nios2-elf/5.3.0/../../../../../H-x86_64-mingw32/nios2-elf/lib/mno-hw-mul\libc.a(lib_a-exit.o)
                                        0x5be (size before relaxing)
 .debug_str     0x0000000000000bb9       0xd6 d:/bin/electrtools/intelfpga_lite/nios2eds/bin/gnu/h-x86_64-mingw32/bin/../lib/gcc/nios2-elf/5.3.0/../../../../../H-x86_64-mingw32/nios2-elf/lib/mno-hw-mul\libc.a(lib_a-impure.o)
                                        0x5b5 (size before relaxing)
 .debug_str     0x0000000000000c8f       0x3f d:/bin/electrtools/intelfpga_lite/nios2eds/bin/gnu/h-x86_64-mingw32/bin/../lib/gcc/nios2-elf/5.3.0/../../../../../H-x86_64-mingw32/nios2-elf/lib/mno-hw-mul\libc.a(lib_a-int_errno.o)
                                        0x1dd (size before relaxing)
 .debug_str     0x0000000000000cce       0x3f d:/bin/electrtools/intelfpga_lite/nios2eds/bin/gnu/h-x86_64-mingw32/bin/../lib/gcc/nios2-elf/5.3.0/../../../../../H-x86_64-mingw32/nios2-elf/lib/mno-hw-mul\libc.a(lib_a-__atexit.o)
                                        0x5f6 (size before relaxing)
 .debug_str     0x0000000000000d0d       0x65 d:/bin/electrtools/intelfpga_lite/nios2eds/bin/gnu/h-x86_64-mingw32/bin/../lib/gcc/nios2-elf/5.3.0/../../../../../H-x86_64-mingw32/nios2-elf/lib/mno-hw-mul\libc.a(lib_a-__call_atexit.o)
                                        0x5e2 (size before relaxing)
 .debug_str     0x0000000000000d72      0x148 d:/bin/electrtools/intelfpga_lite/nios2eds/bin/gnu/h-x86_64-mingw32/bin/../lib/gcc/nios2-elf/5.3.0/mno-hw-mul\libgcc.a(lib2-mul.o)
                                        0x193 (size before relaxing)
 .debug_str     0x0000000000000eba       0x2a ../app_acc_bsp/\libhal_bsp.a(alt_exit.o)
                                        0x199 (size before relaxing)

.debug_loc      0x0000000000000000      0x430
 *(.debug_loc)
 .debug_loc     0x0000000000000000       0x2c d:/bin/electrtools/intelfpga_lite/nios2eds/bin/gnu/h-x86_64-mingw32/bin/../lib/gcc/nios2-elf/5.3.0/../../../../../H-x86_64-mingw32/nios2-elf/lib/mno-hw-mul\libc.a(lib_a-atexit.o)
 .debug_loc     0x000000000000002c       0x1e d:/bin/electrtools/intelfpga_lite/nios2eds/bin/gnu/h-x86_64-mingw32/bin/../lib/gcc/nios2-elf/5.3.0/../../../../../H-x86_64-mingw32/nios2-elf/lib/mno-hw-mul\libc.a(lib_a-exit.o)
 .debug_loc     0x000000000000004a      0x185 d:/bin/electrtools/intelfpga_lite/nios2eds/bin/gnu/h-x86_64-mingw32/bin/../lib/gcc/nios2-elf/5.3.0/../../../../../H-x86_64-mingw32/nios2-elf/lib/mno-hw-mul\libc.a(lib_a-__atexit.o)
 .debug_loc     0x00000000000001cf      0x1ce d:/bin/electrtools/intelfpga_lite/nios2eds/bin/gnu/h-x86_64-mingw32/bin/../lib/gcc/nios2-elf/5.3.0/../../../../../H-x86_64-mingw32/nios2-elf/lib/mno-hw-mul\libc.a(lib_a-__call_atexit.o)
 .debug_loc     0x000000000000039d       0x93 d:/bin/electrtools/intelfpga_lite/nios2eds/bin/gnu/h-x86_64-mingw32/bin/../lib/gcc/nios2-elf/5.3.0/mno-hw-mul\libgcc.a(lib2-mul.o)

.debug_macinfo
 *(.debug_macinfo)

.debug_weaknames
 *(.debug_weaknames)

.debug_funcnames
 *(.debug_funcnames)

.debug_typenames
 *(.debug_typenames)

.debug_varnames
 *(.debug_varnames)

.debug_alt_sim_info
                0x0000000000000000       0x10
 *(.debug_alt_sim_info)
 .debug_alt_sim_info
                0x0000000000000000       0x10 ../app_acc_bsp//obj/HAL/src/crt0.o
                0x0000000018000000                __alt_data_end = 0x18000000
                0x0000000018000000                PROVIDE (__alt_stack_pointer, __alt_data_end)
                [!provide]                        PROVIDE (__alt_stack_limit, __alt_stack_base)
                [!provide]                        PROVIDE (__alt_heap_start, end)
                [!provide]                        PROVIDE (__alt_heap_limit, 0x18000000)
OUTPUT(app_acc.elf elf32-littlenios2)

.debug_ranges   0x0000000000000000       0x80
 .debug_ranges  0x0000000000000000       0x20 ../app_acc_bsp//obj/HAL/src/crt0.o
 .debug_ranges  0x0000000000000020       0x10 d:/bin/electrtools/intelfpga_lite/nios2eds/bin/gnu/h-x86_64-mingw32/bin/../lib/gcc/nios2-elf/5.3.0/../../../../../H-x86_64-mingw32/nios2-elf/lib/mno-hw-mul\libc.a(lib_a-atexit.o)
 .debug_ranges  0x0000000000000030       0x10 d:/bin/electrtools/intelfpga_lite/nios2eds/bin/gnu/h-x86_64-mingw32/bin/../lib/gcc/nios2-elf/5.3.0/../../../../../H-x86_64-mingw32/nios2-elf/lib/mno-hw-mul\libc.a(lib_a-exit.o)
 .debug_ranges  0x0000000000000040       0x10 d:/bin/electrtools/intelfpga_lite/nios2eds/bin/gnu/h-x86_64-mingw32/bin/../lib/gcc/nios2-elf/5.3.0/../../../../../H-x86_64-mingw32/nios2-elf/lib/mno-hw-mul\libc.a(lib_a-__atexit.o)
 .debug_ranges  0x0000000000000050       0x30 d:/bin/electrtools/intelfpga_lite/nios2eds/bin/gnu/h-x86_64-mingw32/bin/../lib/gcc/nios2-elf/5.3.0/../../../../../H-x86_64-mingw32/nios2-elf/lib/mno-hw-mul\libc.a(lib_a-__call_atexit.o)
